// Jest Snapshot v1, https://goo.gl/fbAQLP

exports[`LoginDisplay should match snapshot 1`] = `
ShallowWrapper {
  Symbol(enzyme.__root__): [Circular],
  Symbol(enzyme.__unrendered__): <LoginDisplay
    login={[MockFunction]}
  />,
  Symbol(enzyme.__renderer__): Object {
    "batchedUpdates": [Function],
    "getNode": [Function],
    "render": [Function],
    "simulateError": [Function],
    "simulateEvent": [Function],
    "unmount": [Function],
  },
  Symbol(enzyme.__node__): Object {
    "instance": null,
    "key": undefined,
    "nodeType": "host",
    "props": Object {
      "children": <div
        className="login-container"
      >
        <h1>
          EVENT MAPPER
        </h1>
        <t
          accessType="online"
          buttonText="Login with Google"
          className="login-button"
          cookiePolicy="single_host_origin"
          disabledStyle={
            Object {
              "opacity": 0.6,
            }
          }
          fetchBasicProfile={true}
          isSignedIn={false}
          jsSrc="https://apis.google.com/js/client:platform.js"
          onFailure={[MockFunction]}
          onRequest={[Function]}
          onSuccess={[MockFunction]}
          prompt=""
          scope="profile email"
          tag="button"
          type="button"
          uxMode="popup"
        />
      </div>,
      "className": "placement-container",
    },
    "ref": null,
    "rendered": Object {
      "instance": null,
      "key": undefined,
      "nodeType": "host",
      "props": Object {
        "children": Array [
          <h1>
            EVENT MAPPER
          </h1>,
          <t
            accessType="online"
            buttonText="Login with Google"
            className="login-button"
            cookiePolicy="single_host_origin"
            disabledStyle={
              Object {
                "opacity": 0.6,
              }
            }
            fetchBasicProfile={true}
            isSignedIn={false}
            jsSrc="https://apis.google.com/js/client:platform.js"
            onFailure={[MockFunction]}
            onRequest={[Function]}
            onSuccess={[MockFunction]}
            prompt=""
            scope="profile email"
            tag="button"
            type="button"
            uxMode="popup"
          />,
        ],
        "className": "login-container",
      },
      "ref": null,
      "rendered": Array [
        Object {
          "instance": null,
          "key": undefined,
          "nodeType": "host",
          "props": Object {
            "children": "EVENT MAPPER",
          },
          "ref": null,
          "rendered": "EVENT MAPPER",
          "type": "h1",
        },
        Object {
          "instance": null,
          "key": undefined,
          "nodeType": "class",
          "props": Object {
            "accessType": "online",
            "buttonText": "Login with Google",
            "className": "login-button",
            "clientId": undefined,
            "cookiePolicy": "single_host_origin",
            "disabledStyle": Object {
              "opacity": 0.6,
            },
            "fetchBasicProfile": true,
            "isSignedIn": false,
            "jsSrc": "https://apis.google.com/js/client:platform.js",
            "onFailure": [MockFunction],
            "onRequest": [Function],
            "onSuccess": [MockFunction],
            "prompt": "",
            "scope": "profile email",
            "tag": "button",
            "type": "button",
            "uxMode": "popup",
          },
          "ref": null,
          "rendered": null,
          "type": [Function],
        },
      ],
      "type": "div",
    },
    "type": "div",
  },
  Symbol(enzyme.__nodes__): Array [
    Object {
      "instance": null,
      "key": undefined,
      "nodeType": "host",
      "props": Object {
        "children": <div
          className="login-container"
        >
          <h1>
            EVENT MAPPER
          </h1>
          <t
            accessType="online"
            buttonText="Login with Google"
            className="login-button"
            cookiePolicy="single_host_origin"
            disabledStyle={
              Object {
                "opacity": 0.6,
              }
            }
            fetchBasicProfile={true}
            isSignedIn={false}
            jsSrc="https://apis.google.com/js/client:platform.js"
            onFailure={[MockFunction]}
            onRequest={[Function]}
            onSuccess={[MockFunction]}
            prompt=""
            scope="profile email"
            tag="button"
            type="button"
            uxMode="popup"
          />
        </div>,
        "className": "placement-container",
      },
      "ref": null,
      "rendered": Object {
        "instance": null,
        "key": undefined,
        "nodeType": "host",
        "props": Object {
          "children": Array [
            <h1>
              EVENT MAPPER
            </h1>,
            <t
              accessType="online"
              buttonText="Login with Google"
              className="login-button"
              cookiePolicy="single_host_origin"
              disabledStyle={
                Object {
                  "opacity": 0.6,
                }
              }
              fetchBasicProfile={true}
              isSignedIn={false}
              jsSrc="https://apis.google.com/js/client:platform.js"
              onFailure={[MockFunction]}
              onRequest={[Function]}
              onSuccess={[MockFunction]}
              prompt=""
              scope="profile email"
              tag="button"
              type="button"
              uxMode="popup"
            />,
          ],
          "className": "login-container",
        },
        "ref": null,
        "rendered": Array [
          Object {
            "instance": null,
            "key": undefined,
            "nodeType": "host",
            "props": Object {
              "children": "EVENT MAPPER",
            },
            "ref": null,
            "rendered": "EVENT MAPPER",
            "type": "h1",
          },
          Object {
            "instance": null,
            "key": undefined,
            "nodeType": "class",
            "props": Object {
              "accessType": "online",
              "buttonText": "Login with Google",
              "className": "login-button",
              "clientId": undefined,
              "cookiePolicy": "single_host_origin",
              "disabledStyle": Object {
                "opacity": 0.6,
              },
              "fetchBasicProfile": true,
              "isSignedIn": false,
              "jsSrc": "https://apis.google.com/js/client:platform.js",
              "onFailure": [MockFunction],
              "onRequest": [Function],
              "onSuccess": [MockFunction],
              "prompt": "",
              "scope": "profile email",
              "tag": "button",
              "type": "button",
              "uxMode": "popup",
            },
            "ref": null,
            "rendered": null,
            "type": [Function],
          },
        ],
        "type": "div",
      },
      "type": "div",
    },
  ],
  Symbol(enzyme.__options__): Object {
    "adapter": ReactSixteenAdapter {
      "options": Object {
        "enableComponentDidUpdateOnSetState": true,
        "lifecycles": Object {
          "componentDidUpdate": Object {
            "onSetState": true,
          },
          "getDerivedStateFromProps": true,
          "getSnapshotBeforeUpdate": true,
          "setState": Object {
            "skipsComponentDidUpdateOnNullish": true,
          },
        },
      },
    },
  },
}
`;
