// Jest Snapshot v1, https://goo.gl/fbAQLP

exports[`EventTab should match snapshot 1`] = `
ShallowWrapper {
  Symbol(enzyme.__root__): [Circular],
  Symbol(enzyme.__unrendered__): <EventTab
    closePopup={[MockFunction]}
    events={
      Array [
        Object {
          "address": "1000 Chopper Circle Denver, CO 80204",
          "date": "Mon, Apr 1, 2019 7:30 PM",
          "distance": 0.75,
          "e_id": "G5vzZ4amDV3z0",
          "favorite": false,
          "img": "https://s1.ticketm.net/dam/a/1dd/d5e86d93-5e1a-49d9-b530-70fefc0f21dd_877061_RETINA_PORTRAIT_3_2.jpg",
          "lat": "39.74724",
          "lng": "-105.010166",
          "name": "P!NK: BEAUTIFUL TRAUMA WORLD TOUR",
          "url": "https://www.altitudetickets.com/events/detail/pink-2019",
          "venue_name": "Pepsi Center",
        },
        Object {
          "address": "1000 Chopper Circle Denver, CO 80204",
          "date": "Tue, Dec 4, 2018 7:30 PM",
          "distance": 0.75,
          "e_id": "G5vzZ4aV5O3CO",
          "favorite": true,
          "img": "https://s1.ticketm.net/dam/a/7d9/44a96192-d246-4946-b6b4-c1f7f975a7d9_816871_TABLET_LANDSCAPE_3_2.jpg",
          "lat": "39.74724",
          "lng": "-105.010166",
          "name": "Childish Gambino",
          "url": "https://www.altitudetickets.com/events/detail/childish-gambino",
          "venue_name": "Pepsi Center",
        },
      ]
    }
    handleModalClick={[MockFunction]}
    showEventInfo={[MockFunction]}
  />,
  Symbol(enzyme.__renderer__): Object {
    "batchedUpdates": [Function],
    "getNode": [Function],
    "render": [Function],
    "simulateError": [Function],
    "simulateEvent": [Function],
    "unmount": [Function],
  },
  Symbol(enzyme.__node__): Object {
    "instance": null,
    "key": undefined,
    "nodeType": "host",
    "props": Object {
      "children": <div
        className="tab-scroll-container"
      >
        <div
          className="tab-card"
          onClick={[Function]}
          onMouseEnter={[Function]}
          onMouseLeave={[MockFunction]}
        >
          <h1
            className="tab-event-name"
          >
            P!NK: BEAUTIFUL TRAUMA WORLD TOUR
          </h1>
          <img
            alt="event"
            className="tab-img"
            src="https://s1.ticketm.net/dam/a/1dd/d5e86d93-5e1a-49d9-b530-70fefc0f21dd_877061_RETINA_PORTRAIT_3_2.jpg"
          />
        </div>
        <div
          className="tab-card"
          onClick={[Function]}
          onMouseEnter={[Function]}
          onMouseLeave={[MockFunction]}
        >
          <h1
            className="tab-event-name"
          >
            Childish Gambino
          </h1>
          <img
            alt="event"
            className="tab-img"
            src="https://s1.ticketm.net/dam/a/7d9/44a96192-d246-4946-b6b4-c1f7f975a7d9_816871_TABLET_LANDSCAPE_3_2.jpg"
          />
        </div>
      </div>,
      "className": "tab-container",
    },
    "ref": null,
    "rendered": Object {
      "instance": null,
      "key": undefined,
      "nodeType": "host",
      "props": Object {
        "children": Array [
          <div
            className="tab-card"
            onClick={[Function]}
            onMouseEnter={[Function]}
            onMouseLeave={[MockFunction]}
          >
            <h1
              className="tab-event-name"
            >
              P!NK: BEAUTIFUL TRAUMA WORLD TOUR
            </h1>
            <img
              alt="event"
              className="tab-img"
              src="https://s1.ticketm.net/dam/a/1dd/d5e86d93-5e1a-49d9-b530-70fefc0f21dd_877061_RETINA_PORTRAIT_3_2.jpg"
            />
          </div>,
          <div
            className="tab-card"
            onClick={[Function]}
            onMouseEnter={[Function]}
            onMouseLeave={[MockFunction]}
          >
            <h1
              className="tab-event-name"
            >
              Childish Gambino
            </h1>
            <img
              alt="event"
              className="tab-img"
              src="https://s1.ticketm.net/dam/a/7d9/44a96192-d246-4946-b6b4-c1f7f975a7d9_816871_TABLET_LANDSCAPE_3_2.jpg"
            />
          </div>,
        ],
        "className": "tab-scroll-container",
      },
      "ref": null,
      "rendered": Array [
        Object {
          "instance": null,
          "key": "tab-0",
          "nodeType": "host",
          "props": Object {
            "children": Array [
              <h1
                className="tab-event-name"
              >
                P!NK: BEAUTIFUL TRAUMA WORLD TOUR
              </h1>,
              <img
                alt="event"
                className="tab-img"
                src="https://s1.ticketm.net/dam/a/1dd/d5e86d93-5e1a-49d9-b530-70fefc0f21dd_877061_RETINA_PORTRAIT_3_2.jpg"
              />,
            ],
            "className": "tab-card",
            "onClick": [Function],
            "onMouseEnter": [Function],
            "onMouseLeave": [MockFunction],
          },
          "ref": null,
          "rendered": Array [
            Object {
              "instance": null,
              "key": undefined,
              "nodeType": "host",
              "props": Object {
                "children": "P!NK: BEAUTIFUL TRAUMA WORLD TOUR",
                "className": "tab-event-name",
              },
              "ref": null,
              "rendered": "P!NK: BEAUTIFUL TRAUMA WORLD TOUR",
              "type": "h1",
            },
            Object {
              "instance": null,
              "key": undefined,
              "nodeType": "host",
              "props": Object {
                "alt": "event",
                "className": "tab-img",
                "src": "https://s1.ticketm.net/dam/a/1dd/d5e86d93-5e1a-49d9-b530-70fefc0f21dd_877061_RETINA_PORTRAIT_3_2.jpg",
              },
              "ref": null,
              "rendered": null,
              "type": "img",
            },
          ],
          "type": "div",
        },
        Object {
          "instance": null,
          "key": "tab-1",
          "nodeType": "host",
          "props": Object {
            "children": Array [
              <h1
                className="tab-event-name"
              >
                Childish Gambino
              </h1>,
              <img
                alt="event"
                className="tab-img"
                src="https://s1.ticketm.net/dam/a/7d9/44a96192-d246-4946-b6b4-c1f7f975a7d9_816871_TABLET_LANDSCAPE_3_2.jpg"
              />,
            ],
            "className": "tab-card",
            "onClick": [Function],
            "onMouseEnter": [Function],
            "onMouseLeave": [MockFunction],
          },
          "ref": null,
          "rendered": Array [
            Object {
              "instance": null,
              "key": undefined,
              "nodeType": "host",
              "props": Object {
                "children": "Childish Gambino",
                "className": "tab-event-name",
              },
              "ref": null,
              "rendered": "Childish Gambino",
              "type": "h1",
            },
            Object {
              "instance": null,
              "key": undefined,
              "nodeType": "host",
              "props": Object {
                "alt": "event",
                "className": "tab-img",
                "src": "https://s1.ticketm.net/dam/a/7d9/44a96192-d246-4946-b6b4-c1f7f975a7d9_816871_TABLET_LANDSCAPE_3_2.jpg",
              },
              "ref": null,
              "rendered": null,
              "type": "img",
            },
          ],
          "type": "div",
        },
      ],
      "type": "div",
    },
    "type": "div",
  },
  Symbol(enzyme.__nodes__): Array [
    Object {
      "instance": null,
      "key": undefined,
      "nodeType": "host",
      "props": Object {
        "children": <div
          className="tab-scroll-container"
        >
          <div
            className="tab-card"
            onClick={[Function]}
            onMouseEnter={[Function]}
            onMouseLeave={[MockFunction]}
          >
            <h1
              className="tab-event-name"
            >
              P!NK: BEAUTIFUL TRAUMA WORLD TOUR
            </h1>
            <img
              alt="event"
              className="tab-img"
              src="https://s1.ticketm.net/dam/a/1dd/d5e86d93-5e1a-49d9-b530-70fefc0f21dd_877061_RETINA_PORTRAIT_3_2.jpg"
            />
          </div>
          <div
            className="tab-card"
            onClick={[Function]}
            onMouseEnter={[Function]}
            onMouseLeave={[MockFunction]}
          >
            <h1
              className="tab-event-name"
            >
              Childish Gambino
            </h1>
            <img
              alt="event"
              className="tab-img"
              src="https://s1.ticketm.net/dam/a/7d9/44a96192-d246-4946-b6b4-c1f7f975a7d9_816871_TABLET_LANDSCAPE_3_2.jpg"
            />
          </div>
        </div>,
        "className": "tab-container",
      },
      "ref": null,
      "rendered": Object {
        "instance": null,
        "key": undefined,
        "nodeType": "host",
        "props": Object {
          "children": Array [
            <div
              className="tab-card"
              onClick={[Function]}
              onMouseEnter={[Function]}
              onMouseLeave={[MockFunction]}
            >
              <h1
                className="tab-event-name"
              >
                P!NK: BEAUTIFUL TRAUMA WORLD TOUR
              </h1>
              <img
                alt="event"
                className="tab-img"
                src="https://s1.ticketm.net/dam/a/1dd/d5e86d93-5e1a-49d9-b530-70fefc0f21dd_877061_RETINA_PORTRAIT_3_2.jpg"
              />
            </div>,
            <div
              className="tab-card"
              onClick={[Function]}
              onMouseEnter={[Function]}
              onMouseLeave={[MockFunction]}
            >
              <h1
                className="tab-event-name"
              >
                Childish Gambino
              </h1>
              <img
                alt="event"
                className="tab-img"
                src="https://s1.ticketm.net/dam/a/7d9/44a96192-d246-4946-b6b4-c1f7f975a7d9_816871_TABLET_LANDSCAPE_3_2.jpg"
              />
            </div>,
          ],
          "className": "tab-scroll-container",
        },
        "ref": null,
        "rendered": Array [
          Object {
            "instance": null,
            "key": "tab-0",
            "nodeType": "host",
            "props": Object {
              "children": Array [
                <h1
                  className="tab-event-name"
                >
                  P!NK: BEAUTIFUL TRAUMA WORLD TOUR
                </h1>,
                <img
                  alt="event"
                  className="tab-img"
                  src="https://s1.ticketm.net/dam/a/1dd/d5e86d93-5e1a-49d9-b530-70fefc0f21dd_877061_RETINA_PORTRAIT_3_2.jpg"
                />,
              ],
              "className": "tab-card",
              "onClick": [Function],
              "onMouseEnter": [Function],
              "onMouseLeave": [MockFunction],
            },
            "ref": null,
            "rendered": Array [
              Object {
                "instance": null,
                "key": undefined,
                "nodeType": "host",
                "props": Object {
                  "children": "P!NK: BEAUTIFUL TRAUMA WORLD TOUR",
                  "className": "tab-event-name",
                },
                "ref": null,
                "rendered": "P!NK: BEAUTIFUL TRAUMA WORLD TOUR",
                "type": "h1",
              },
              Object {
                "instance": null,
                "key": undefined,
                "nodeType": "host",
                "props": Object {
                  "alt": "event",
                  "className": "tab-img",
                  "src": "https://s1.ticketm.net/dam/a/1dd/d5e86d93-5e1a-49d9-b530-70fefc0f21dd_877061_RETINA_PORTRAIT_3_2.jpg",
                },
                "ref": null,
                "rendered": null,
                "type": "img",
              },
            ],
            "type": "div",
          },
          Object {
            "instance": null,
            "key": "tab-1",
            "nodeType": "host",
            "props": Object {
              "children": Array [
                <h1
                  className="tab-event-name"
                >
                  Childish Gambino
                </h1>,
                <img
                  alt="event"
                  className="tab-img"
                  src="https://s1.ticketm.net/dam/a/7d9/44a96192-d246-4946-b6b4-c1f7f975a7d9_816871_TABLET_LANDSCAPE_3_2.jpg"
                />,
              ],
              "className": "tab-card",
              "onClick": [Function],
              "onMouseEnter": [Function],
              "onMouseLeave": [MockFunction],
            },
            "ref": null,
            "rendered": Array [
              Object {
                "instance": null,
                "key": undefined,
                "nodeType": "host",
                "props": Object {
                  "children": "Childish Gambino",
                  "className": "tab-event-name",
                },
                "ref": null,
                "rendered": "Childish Gambino",
                "type": "h1",
              },
              Object {
                "instance": null,
                "key": undefined,
                "nodeType": "host",
                "props": Object {
                  "alt": "event",
                  "className": "tab-img",
                  "src": "https://s1.ticketm.net/dam/a/7d9/44a96192-d246-4946-b6b4-c1f7f975a7d9_816871_TABLET_LANDSCAPE_3_2.jpg",
                },
                "ref": null,
                "rendered": null,
                "type": "img",
              },
            ],
            "type": "div",
          },
        ],
        "type": "div",
      },
      "type": "div",
    },
  ],
  Symbol(enzyme.__options__): Object {
    "adapter": ReactSixteenAdapter {
      "options": Object {
        "enableComponentDidUpdateOnSetState": true,
        "lifecycles": Object {
          "componentDidUpdate": Object {
            "onSetState": true,
          },
          "getDerivedStateFromProps": true,
          "getSnapshotBeforeUpdate": true,
          "setState": Object {
            "skipsComponentDidUpdateOnNullish": true,
          },
        },
      },
    },
  },
}
`;
