// Jest Snapshot v1, https://goo.gl/fbAQLP

exports[`Map should matchSnapshot 1`] = `undefined`;
