// Jest Snapshot v1, https://goo.gl/fbAQLP

exports[`Events should matchSnapshot 1`] = `[Function]`;
