// Jest Snapshot v1, https://goo.gl/fbAQLP

exports[`Profile should matchSnapshot 1`] = `
ShallowWrapper {
  Symbol(enzyme.__root__): [Circular],
  Symbol(enzyme.__unrendered__): <Profile
    activeUser={
      Object {
        "created_at": "2018-10-24T23:37:44.724Z",
        "email": "pykim0591@gmail.com",
        "first_name": "Paul",
        "gid": "117977763637801404146",
        "id": 3,
        "last_name": "K",
        "updated_at": "2018-10-24T23:37:44.724Z",
      }
    }
  />,
  Symbol(enzyme.__renderer__): Object {
    "batchedUpdates": [Function],
    "getNode": [Function],
    "render": [Function],
    "simulateError": [Function],
    "simulateEvent": [Function],
    "unmount": [Function],
  },
  Symbol(enzyme.__node__): Object {
    "instance": null,
    "key": undefined,
    "nodeType": "host",
    "props": Object {
      "children": <div
        className="user-profile"
      >
        <img
          alt="the current user profile pic"
        />
        <div>
          <h1>
            User: 
            Paul K
          </h1>
          <h2>
            Listed Contact: 
            pykim0591@gmail.com
          </h2>
        </div>
      </div>,
      "className": "user-wraper",
    },
    "ref": null,
    "rendered": Object {
      "instance": null,
      "key": undefined,
      "nodeType": "host",
      "props": Object {
        "children": Array [
          <img
            alt="the current user profile pic"
          />,
          <div>
            <h1>
              User: 
              Paul K
            </h1>
            <h2>
              Listed Contact: 
              pykim0591@gmail.com
            </h2>
          </div>,
        ],
        "className": "user-profile",
      },
      "ref": null,
      "rendered": Array [
        Object {
          "instance": null,
          "key": undefined,
          "nodeType": "host",
          "props": Object {
            "alt": "the current user profile pic",
            "src": undefined,
          },
          "ref": null,
          "rendered": null,
          "type": "img",
        },
        Object {
          "instance": null,
          "key": undefined,
          "nodeType": "host",
          "props": Object {
            "children": Array [
              <h1>
                User: 
                Paul K
              </h1>,
              <h2>
                Listed Contact: 
                pykim0591@gmail.com
              </h2>,
            ],
          },
          "ref": null,
          "rendered": Array [
            Object {
              "instance": null,
              "key": undefined,
              "nodeType": "host",
              "props": Object {
                "children": Array [
                  "User: ",
                  "Paul K",
                ],
              },
              "ref": null,
              "rendered": Array [
                "User: ",
                "Paul K",
              ],
              "type": "h1",
            },
            Object {
              "instance": null,
              "key": undefined,
              "nodeType": "host",
              "props": Object {
                "children": Array [
                  "Listed Contact: ",
                  "pykim0591@gmail.com",
                ],
              },
              "ref": null,
              "rendered": Array [
                "Listed Contact: ",
                "pykim0591@gmail.com",
              ],
              "type": "h2",
            },
          ],
          "type": "div",
        },
      ],
      "type": "div",
    },
    "type": "div",
  },
  Symbol(enzyme.__nodes__): Array [
    Object {
      "instance": null,
      "key": undefined,
      "nodeType": "host",
      "props": Object {
        "children": <div
          className="user-profile"
        >
          <img
            alt="the current user profile pic"
          />
          <div>
            <h1>
              User: 
              Paul K
            </h1>
            <h2>
              Listed Contact: 
              pykim0591@gmail.com
            </h2>
          </div>
        </div>,
        "className": "user-wraper",
      },
      "ref": null,
      "rendered": Object {
        "instance": null,
        "key": undefined,
        "nodeType": "host",
        "props": Object {
          "children": Array [
            <img
              alt="the current user profile pic"
            />,
            <div>
              <h1>
                User: 
                Paul K
              </h1>
              <h2>
                Listed Contact: 
                pykim0591@gmail.com
              </h2>
            </div>,
          ],
          "className": "user-profile",
        },
        "ref": null,
        "rendered": Array [
          Object {
            "instance": null,
            "key": undefined,
            "nodeType": "host",
            "props": Object {
              "alt": "the current user profile pic",
              "src": undefined,
            },
            "ref": null,
            "rendered": null,
            "type": "img",
          },
          Object {
            "instance": null,
            "key": undefined,
            "nodeType": "host",
            "props": Object {
              "children": Array [
                <h1>
                  User: 
                  Paul K
                </h1>,
                <h2>
                  Listed Contact: 
                  pykim0591@gmail.com
                </h2>,
              ],
            },
            "ref": null,
            "rendered": Array [
              Object {
                "instance": null,
                "key": undefined,
                "nodeType": "host",
                "props": Object {
                  "children": Array [
                    "User: ",
                    "Paul K",
                  ],
                },
                "ref": null,
                "rendered": Array [
                  "User: ",
                  "Paul K",
                ],
                "type": "h1",
              },
              Object {
                "instance": null,
                "key": undefined,
                "nodeType": "host",
                "props": Object {
                  "children": Array [
                    "Listed Contact: ",
                    "pykim0591@gmail.com",
                  ],
                },
                "ref": null,
                "rendered": Array [
                  "Listed Contact: ",
                  "pykim0591@gmail.com",
                ],
                "type": "h2",
              },
            ],
            "type": "div",
          },
        ],
        "type": "div",
      },
      "type": "div",
    },
  ],
  Symbol(enzyme.__options__): Object {
    "adapter": ReactSixteenAdapter {
      "options": Object {
        "enableComponentDidUpdateOnSetState": true,
        "lifecycles": Object {
          "componentDidUpdate": Object {
            "onSetState": true,
          },
          "getDerivedStateFromProps": true,
          "getSnapshotBeforeUpdate": true,
          "setState": Object {
            "skipsComponentDidUpdateOnNullish": true,
          },
        },
      },
    },
  },
}
`;
