// Jest Snapshot v1, https://goo.gl/fbAQLP

exports[`NavBar should matchSnapshot 1`] = `
ShallowWrapper {
  Symbol(enzyme.__root__): [Circular],
  Symbol(enzyme.__unrendered__): <NavBar
    activeUser={
      Object {
        "created_at": "2018-10-24T23:37:44.724Z",
        "email": "pykim0591@gmail.com",
        "first_name": "Paul",
        "gid": "117977763637801404146",
        "id": 3,
        "last_name": "K",
        "updated_at": "2018-10-24T23:37:44.724Z",
      }
    }
  />,
  Symbol(enzyme.__renderer__): Object {
    "batchedUpdates": [Function],
    "getNode": [Function],
    "render": [Function],
    "simulateError": [Function],
    "simulateEvent": [Function],
    "unmount": [Function],
  },
  Symbol(enzyme.__node__): Object {
    "instance": null,
    "key": undefined,
    "nodeType": "host",
    "props": Object {
      "children": Array [
        <h1
          className="greeting"
        >
          Hello, Paul
        </h1>,
        <NavLink
          activeClassName="active"
          aria-current="page"
          className="nav-link"
          exact={true}
          to="/app/3"
        >
          Home
        </NavLink>,
        <NavLink
          activeClassName="active"
          aria-current="page"
          className="nav-link"
          to="/app/3/profile"
        >
          Profile
        </NavLink>,
        <NavLink
          activeClassName="active"
          aria-current="page"
          className="nav-link"
          to="/app/3/watchlist"
        >
          Watchlist
        </NavLink>,
        <t
          buttonText="Logout"
          className="nav-link"
          disabledStyle={
            Object {
              "opacity": 0.6,
            }
          }
          jsSrc="https://apis.google.com/js/client:platform.js"
          tag="button"
        />,
      ],
      "className": "nav-container",
    },
    "ref": null,
    "rendered": Array [
      Object {
        "instance": null,
        "key": undefined,
        "nodeType": "host",
        "props": Object {
          "children": "Hello, Paul",
          "className": "greeting",
        },
        "ref": null,
        "rendered": "Hello, Paul",
        "type": "h1",
      },
      Object {
        "instance": null,
        "key": undefined,
        "nodeType": "function",
        "props": Object {
          "activeClassName": "active",
          "aria-current": "page",
          "children": "Home",
          "className": "nav-link",
          "exact": true,
          "to": "/app/3",
        },
        "ref": null,
        "rendered": "Home",
        "type": [Function],
      },
      Object {
        "instance": null,
        "key": undefined,
        "nodeType": "function",
        "props": Object {
          "activeClassName": "active",
          "aria-current": "page",
          "children": "Profile",
          "className": "nav-link",
          "to": "/app/3/profile",
        },
        "ref": null,
        "rendered": "Profile",
        "type": [Function],
      },
      Object {
        "instance": null,
        "key": undefined,
        "nodeType": "function",
        "props": Object {
          "activeClassName": "active",
          "aria-current": "page",
          "children": "Watchlist",
          "className": "nav-link",
          "to": "/app/3/watchlist",
        },
        "ref": null,
        "rendered": "Watchlist",
        "type": [Function],
      },
      Object {
        "instance": null,
        "key": undefined,
        "nodeType": "class",
        "props": Object {
          "buttonText": "Logout",
          "className": "nav-link",
          "disabledStyle": Object {
            "opacity": 0.6,
          },
          "jsSrc": "https://apis.google.com/js/client:platform.js",
          "onLogoutSuccess": undefined,
          "tag": "button",
        },
        "ref": null,
        "rendered": null,
        "type": [Function],
      },
    ],
    "type": "nav",
  },
  Symbol(enzyme.__nodes__): Array [
    Object {
      "instance": null,
      "key": undefined,
      "nodeType": "host",
      "props": Object {
        "children": Array [
          <h1
            className="greeting"
          >
            Hello, Paul
          </h1>,
          <NavLink
            activeClassName="active"
            aria-current="page"
            className="nav-link"
            exact={true}
            to="/app/3"
          >
            Home
          </NavLink>,
          <NavLink
            activeClassName="active"
            aria-current="page"
            className="nav-link"
            to="/app/3/profile"
          >
            Profile
          </NavLink>,
          <NavLink
            activeClassName="active"
            aria-current="page"
            className="nav-link"
            to="/app/3/watchlist"
          >
            Watchlist
          </NavLink>,
          <t
            buttonText="Logout"
            className="nav-link"
            disabledStyle={
              Object {
                "opacity": 0.6,
              }
            }
            jsSrc="https://apis.google.com/js/client:platform.js"
            tag="button"
          />,
        ],
        "className": "nav-container",
      },
      "ref": null,
      "rendered": Array [
        Object {
          "instance": null,
          "key": undefined,
          "nodeType": "host",
          "props": Object {
            "children": "Hello, Paul",
            "className": "greeting",
          },
          "ref": null,
          "rendered": "Hello, Paul",
          "type": "h1",
        },
        Object {
          "instance": null,
          "key": undefined,
          "nodeType": "function",
          "props": Object {
            "activeClassName": "active",
            "aria-current": "page",
            "children": "Home",
            "className": "nav-link",
            "exact": true,
            "to": "/app/3",
          },
          "ref": null,
          "rendered": "Home",
          "type": [Function],
        },
        Object {
          "instance": null,
          "key": undefined,
          "nodeType": "function",
          "props": Object {
            "activeClassName": "active",
            "aria-current": "page",
            "children": "Profile",
            "className": "nav-link",
            "to": "/app/3/profile",
          },
          "ref": null,
          "rendered": "Profile",
          "type": [Function],
        },
        Object {
          "instance": null,
          "key": undefined,
          "nodeType": "function",
          "props": Object {
            "activeClassName": "active",
            "aria-current": "page",
            "children": "Watchlist",
            "className": "nav-link",
            "to": "/app/3/watchlist",
          },
          "ref": null,
          "rendered": "Watchlist",
          "type": [Function],
        },
        Object {
          "instance": null,
          "key": undefined,
          "nodeType": "class",
          "props": Object {
            "buttonText": "Logout",
            "className": "nav-link",
            "disabledStyle": Object {
              "opacity": 0.6,
            },
            "jsSrc": "https://apis.google.com/js/client:platform.js",
            "onLogoutSuccess": undefined,
            "tag": "button",
          },
          "ref": null,
          "rendered": null,
          "type": [Function],
        },
      ],
      "type": "nav",
    },
  ],
  Symbol(enzyme.__options__): Object {
    "adapter": ReactSixteenAdapter {
      "options": Object {
        "enableComponentDidUpdateOnSetState": true,
        "lifecycles": Object {
          "componentDidUpdate": Object {
            "onSetState": true,
          },
          "getDerivedStateFromProps": true,
          "getSnapshotBeforeUpdate": true,
          "setState": Object {
            "skipsComponentDidUpdateOnNullish": true,
          },
        },
      },
    },
  },
}
`;
