// Jest Snapshot v1, https://goo.gl/fbAQLP

exports[`SelectedInfoContainer should match snapshot 1`] = `
ShallowWrapper {
  Symbol(enzyme.__root__): [Circular],
  Symbol(enzyme.__unrendered__): <SelectedInfoContainer
    item={
      Object {
        "address": "1510 Clarkson Denver, CO 80218",
        "date": "Wed, Oct 31, 2018 6:30 PM",
        "distance": 0.5,
        "e_id": "G5vzZ4C58cdb-",
        "favorite": false,
        "img": "https://s1.ticketm.net/dam/a/492/732ca6af-f94f-477d-9e66-5f56f9e54492_450551_EVENT_DETAIL_PAGE_16_9.jpg",
        "lat": "39.740611",
        "lng": "-104.977194",
        "name": "Danzig - 30 Year Anniversary Tour",
        "url": "http://concerts.livenation.com/event/1E0054E2D0B43621",
        "venue_name": "Fillmore Auditorium (Denver)",
      }
    }
    removeEvent={[MockFunction]}
    weather={
      Object {
        "icon": "cloudy",
      }
    }
  />,
  Symbol(enzyme.__renderer__): Object {
    "batchedUpdates": [Function],
    "getNode": [Function],
    "render": [Function],
    "simulateError": [Function],
    "simulateEvent": [Function],
    "unmount": [Function],
  },
  Symbol(enzyme.__node__): Object {
    "instance": null,
    "key": undefined,
    "nodeType": "host",
    "props": Object {
      "children": Array [
        <img
          src="cloudy.png"
        />,
        <p
          className="selected selected-date"
        >
          Wed, Oct 31, 2018 6:30 PM
        </p>,
        <p
          className="selected selected-distance"
        >
          0.5
          m
        </p>,
        <p
          className="selected selected-date"
        >
          1510 Clarkson Denver, CO 80218
        </p>,
        <p
          className="selected selected-date"
        >
          Fillmore Auditorium (Denver)
        </p>,
        <a
          href="http://concerts.livenation.com/event/1E0054E2D0B43621"
        >
          Event Info
        </a>,
        <button
          className="selected selected-date"
          onClick={[Function]}
        >
          Remove from Watchlist
        </button>,
      ],
      "className": "selected-container",
    },
    "ref": null,
    "rendered": Array [
      Object {
        "instance": null,
        "key": undefined,
        "nodeType": "host",
        "props": Object {
          "src": "cloudy.png",
        },
        "ref": null,
        "rendered": null,
        "type": "img",
      },
      Object {
        "instance": null,
        "key": undefined,
        "nodeType": "host",
        "props": Object {
          "children": "Wed, Oct 31, 2018 6:30 PM",
          "className": "selected selected-date",
        },
        "ref": null,
        "rendered": "Wed, Oct 31, 2018 6:30 PM",
        "type": "p",
      },
      Object {
        "instance": null,
        "key": undefined,
        "nodeType": "host",
        "props": Object {
          "children": Array [
            0.5,
            "m",
          ],
          "className": "selected selected-distance",
        },
        "ref": null,
        "rendered": Array [
          0.5,
          "m",
        ],
        "type": "p",
      },
      Object {
        "instance": null,
        "key": undefined,
        "nodeType": "host",
        "props": Object {
          "children": "1510 Clarkson Denver, CO 80218",
          "className": "selected selected-date",
        },
        "ref": null,
        "rendered": "1510 Clarkson Denver, CO 80218",
        "type": "p",
      },
      Object {
        "instance": null,
        "key": undefined,
        "nodeType": "host",
        "props": Object {
          "children": "Fillmore Auditorium (Denver)",
          "className": "selected selected-date",
        },
        "ref": null,
        "rendered": "Fillmore Auditorium (Denver)",
        "type": "p",
      },
      Object {
        "instance": null,
        "key": undefined,
        "nodeType": "host",
        "props": Object {
          "children": "Event Info",
          "href": "http://concerts.livenation.com/event/1E0054E2D0B43621",
        },
        "ref": null,
        "rendered": "Event Info",
        "type": "a",
      },
      Object {
        "instance": null,
        "key": undefined,
        "nodeType": "host",
        "props": Object {
          "children": "Remove from Watchlist",
          "className": "selected selected-date",
          "onClick": [Function],
        },
        "ref": null,
        "rendered": "Remove from Watchlist",
        "type": "button",
      },
    ],
    "type": "div",
  },
  Symbol(enzyme.__nodes__): Array [
    Object {
      "instance": null,
      "key": undefined,
      "nodeType": "host",
      "props": Object {
        "children": Array [
          <img
            src="cloudy.png"
          />,
          <p
            className="selected selected-date"
          >
            Wed, Oct 31, 2018 6:30 PM
          </p>,
          <p
            className="selected selected-distance"
          >
            0.5
            m
          </p>,
          <p
            className="selected selected-date"
          >
            1510 Clarkson Denver, CO 80218
          </p>,
          <p
            className="selected selected-date"
          >
            Fillmore Auditorium (Denver)
          </p>,
          <a
            href="http://concerts.livenation.com/event/1E0054E2D0B43621"
          >
            Event Info
          </a>,
          <button
            className="selected selected-date"
            onClick={[Function]}
          >
            Remove from Watchlist
          </button>,
        ],
        "className": "selected-container",
      },
      "ref": null,
      "rendered": Array [
        Object {
          "instance": null,
          "key": undefined,
          "nodeType": "host",
          "props": Object {
            "src": "cloudy.png",
          },
          "ref": null,
          "rendered": null,
          "type": "img",
        },
        Object {
          "instance": null,
          "key": undefined,
          "nodeType": "host",
          "props": Object {
            "children": "Wed, Oct 31, 2018 6:30 PM",
            "className": "selected selected-date",
          },
          "ref": null,
          "rendered": "Wed, Oct 31, 2018 6:30 PM",
          "type": "p",
        },
        Object {
          "instance": null,
          "key": undefined,
          "nodeType": "host",
          "props": Object {
            "children": Array [
              0.5,
              "m",
            ],
            "className": "selected selected-distance",
          },
          "ref": null,
          "rendered": Array [
            0.5,
            "m",
          ],
          "type": "p",
        },
        Object {
          "instance": null,
          "key": undefined,
          "nodeType": "host",
          "props": Object {
            "children": "1510 Clarkson Denver, CO 80218",
            "className": "selected selected-date",
          },
          "ref": null,
          "rendered": "1510 Clarkson Denver, CO 80218",
          "type": "p",
        },
        Object {
          "instance": null,
          "key": undefined,
          "nodeType": "host",
          "props": Object {
            "children": "Fillmore Auditorium (Denver)",
            "className": "selected selected-date",
          },
          "ref": null,
          "rendered": "Fillmore Auditorium (Denver)",
          "type": "p",
        },
        Object {
          "instance": null,
          "key": undefined,
          "nodeType": "host",
          "props": Object {
            "children": "Event Info",
            "href": "http://concerts.livenation.com/event/1E0054E2D0B43621",
          },
          "ref": null,
          "rendered": "Event Info",
          "type": "a",
        },
        Object {
          "instance": null,
          "key": undefined,
          "nodeType": "host",
          "props": Object {
            "children": "Remove from Watchlist",
            "className": "selected selected-date",
            "onClick": [Function],
          },
          "ref": null,
          "rendered": "Remove from Watchlist",
          "type": "button",
        },
      ],
      "type": "div",
    },
  ],
  Symbol(enzyme.__options__): Object {
    "adapter": ReactSixteenAdapter {
      "options": Object {
        "enableComponentDidUpdateOnSetState": true,
        "lifecycles": Object {
          "componentDidUpdate": Object {
            "onSetState": true,
          },
          "getDerivedStateFromProps": true,
          "getSnapshotBeforeUpdate": true,
          "setState": Object {
            "skipsComponentDidUpdateOnNullish": true,
          },
        },
      },
    },
  },
}
`;
